21,19
15,9
15,9
12,9 13,8 13,9 13,10
12,9 13,8 13,9 13,10
wnn wnn wnn wnn wnn wnn wnn wnn wnn wnn wnn wnn wnn wnn wnn wnn wnn wnn wnn
wnn ppn ppn ppn ppn ppn ppn ppn ppn wnn ppn ppn ppn ppn ppn ppn ppn ppn wnn
wnn psn wnn wnn ppn wnn wnn wnn ppn wnn ppn wnn wnn wnn ppn wnn wnn psn wnn
wnn ppn ppn ppn ppn ppn ppn ppn ppn ppn ppn ppn ppn ppn ppn ppn ppn ppn wnn
wnn ppn wnn wnn ppn wnn ppn wnn wnn wnn wnn wnn ppn wnn ppn wnn wnn ppn wnn
wnn ppn ppn ppn ppn wnn ppn ppn ppn wnn ppn ppn ppn wnn ppn ppn ppn ppn wnn
wnn wnn wnn wnn ppn wnn wnn wnn ppn wnn ppn wnn wnn wnn ppn wnn wnn wnn wnn
wnn wnn wnn wnn ppn wnn ppn ppn ppn ppn ppn ppn ppn wnn ppn wnn wnn wnn wnn
wnn wnn wnn wnn ppn wnn ppn wnn wnn gng wnn wnn ppn wnn ppn wnn wnn wnn wnn
ppn ppn ppn ppn ppn ppn ppn wnn png png png wnn ppn ppn ppn ppn ppn ppn ppn
wnn wnn wnn wnn ppn wnn ppn wnn wnn wnn wnn wnn ppn wnn ppn wnn wnn wnn wnn
wnn wnn wnn wnn ppn wnn ppn ppn ppn ppn ppn ppn ppn wnn ppn wnn wnn wnn wnn
wnn wnn wnn wnn ppn wnn ppn wnn wnn wnn wnn wnn ppn wnn ppn wnn wnn wnn wnn
wnn ppn ppn ppn ppn ppn ppn ppn ppn wnn ppn ppn ppn ppn ppn ppn ppn ppn wnn
wnn ppn wnn wnn ppn wnn wnn wnn ppn wnn ppn wnn wnn wnn ppn wnn wnn ppn wnn
wnn psn ppn wnn ppn ppn ppn ppn ppn pnp ppn ppn ppn ppn ppn wnn ppn psn wnn
wnn wnn ppn wnn ppn wnn ppn wnn wnn wnn wnn wnn ppn wnn ppn wnn ppn wnn wnn
wnn ppn ppn ppn ppn wnn ppn ppn ppn wnn ppn ppn ppn wnn ppn ppn ppn ppn wnn
wnn ppn wnn wnn wnn wnn wnn wnn ppn wnn ppn wnn wnn wnn wnn wnn wnn ppn wnn
wnn ppn ppn ppn ppn ppn ppn ppn ppn ppn ppn ppn ppn ppn ppn ppn ppn ppn wnn
wnn wnn wnn wnn wnn wnn wnn wnn wnn wnn wnn wnn wnn wnn wnn wnn wnn wnn wnn
